// Jest Snapshot v1, https://goo.gl/fbAQLP

exports[`App.js should work 1`] = `
<div>
  <div>
    <h1>
      Hello, World!
    </h1>
    <h2>
      BRRRR
    </h2>
    <h2>
      Title
    </h2>
    <h1
      style="color: red;"
    >
      HOLA FROM APpgerfwP
      Timbi
    </h1>
    <img
      src=""
    />
    <button>
      CHANGE
    </button>
  </div>
</div>
`;
